<html>
<body>
<pre>
<h1>µVision Build Log</h1>
<h2>Tool Versions:</h2>
IDE-Version: µVision V5.24.2.0
Copyright (C) 2017 ARM Ltd and ARM Germany GmbH. All rights reserved.
License Information: LaKeysha Green, Lawrence Tech University, LIC=----
 
Tool Versions:
Toolchain:       MDK-Lite  Version: 5.24.1
Toolchain Path:  C:\Keil_v5\ARM\ARMCC\Bin
C Compiler:      Armcc.exe V5.06 update 5 (build 528)
Assembler:       Armasm.exe V5.06 update 5 (build 528)
Linker/Locator:  ArmLink.exe V5.06 update 5 (build 528)
Library Manager: ArmAr.exe V5.06 update 5 (build 528)
Hex Converter:   FromElf.exe V5.06 update 5 (build 528)
CPU DLL:         SARMCM3.DLL V5.24.1
Dialog DLL:      DCM.DLL V1.16.0.0
Target DLL:      lmidk-agdi.dll V???
Dialog DLL:      TCM.DLL V1.32.0.0
 
<h2>Project:</h2>
C:\Users\Lgreen\Desktop\ES_Project-Night_Class\LABNight\project.uvprojx
Project File Date:  10/06/2017

<h2>Output:</h2>
*** Using Compiler 'V5.06 update 5 (build 528)', folder: 'C:\Keil_v5\ARM\ARMCC\Bin'
Rebuild target 'project'
creating preprocessor file for project.c...
creating preprocessor file for Uart_helper.c...
assembling startup_rvmdk.S...
creating preprocessor file for systick.c...
compiling Uart_helper.c...
src\Uart_helper.h(11): warning:  #1-D: last line of file ends without a newline
  void UartSetup2(void);	//sets up Uart for my configuration registers
src\Uart_helper.c: 1 warning, 0 errors
compiling systick.c...
systick.c(22): warning:  #1-D: last line of file ends without a newline
  }
systick.c: 1 warning, 0 errors
creating preprocessor file for ADC_helper.c...
creating preprocessor file for PWM_helper.c...
compiling ADC_helper.c...
ADC_helper.c(81): warning:  #1-D: last line of file ends without a newline
  }
ADC_helper.c: 1 warning, 0 errors
creating preprocessor file for GPIO_helper.c...
compiling PWM_helper.c...
PWM_helper.c(133): warning:  #1-D: last line of file ends without a newline
  }
PWM_helper.c: 1 warning, 0 errors
compiling project.c...
driverlib/hibernate.h(229): warning:  #231-D: declaration is not visible outside of function
  extern void HibernateCalendarSet(struct tm *psTime);
driverlib/hibernate.h(230): warning:  #231-D: declaration is not visible outside of function
  extern int HibernateCalendarGet(struct tm *psTime);
driverlib/hibernate.h(231): warning:  #231-D: declaration is not visible outside of function
  extern void HibernateCalendarMatchSet(uint32_t ui32Index, struct tm *psTime);
driverlib/hibernate.h(232): warning:  #231-D: declaration is not visible outside of function
  extern void HibernateCalendarMatchGet(uint32_t ui32Index, struct tm *psTime);
src/Uart_helper.h(11): warning:  #1-D: last line of file ends without a newline
  void UartSetup2(void);	//sets up Uart for my configuration registers
project.h(59): warning:  #1-D: last line of file ends without a newline
  extern struct Mybuttons Mybuttons;
inc/hw_ints.h(352): warning:  #47-D: incompatible redefinition of macro "INT_ADC0SS0"  (declared at line 62 of "inc/tm4c123gh6pm.h")
  #define INT_ADC0SS0             INT_CONCAT(INT_ADC0SS0_, INT_DEVICE_CLASS)
inc/hw_ints.h(353): warning:  #47-D: incompatible redefinition of macro "INT_ADC0SS1"  (declared at line 63 of "inc/tm4c123gh6pm.h")
  #define INT_ADC0SS1             INT_CONCAT(INT_ADC0SS1_, INT_DEVICE_CLASS)
inc/hw_ints.h(354): warning:  #47-D: incompatible redefinition of macro "INT_ADC0SS2"  (declared at line 64 of "inc/tm4c123gh6pm.h")
  #define INT_ADC0SS2             INT_CONCAT(INT_ADC0SS2_, INT_DEVICE_CLASS)
inc/hw_ints.h(355): warning:  #47-D: incompatible redefinition of macro "INT_ADC0SS3"  (declared at line 65 of "inc/tm4c123gh6pm.h")
  #define INT_ADC0SS3             INT_CONCAT(INT_ADC0SS3_, INT_DEVICE_CLASS)
inc/hw_ints.h(356): warning:  #47-D: incompatible redefinition of macro "INT_ADC1SS0"  (declared at line 92 of "inc/tm4c123gh6pm.h")
  #define INT_ADC1SS0             INT_CONCAT(INT_ADC1SS0_, INT_DEVICE_CLASS)
inc/hw_ints.h(357): warning:  #47-D: incompatible redefinition of macro "INT_ADC1SS1"  (declared at line 93 of "inc/tm4c123gh6pm.h")
  #define INT_ADC1SS1             INT_CONCAT(INT_ADC1SS1_, INT_DEVICE_CLASS)
inc/hw_ints.h(358): warning:  #47-D: incompatible redefinition of macro "INT_ADC1SS2"  (declared at line 94 of "inc/tm4c123gh6pm.h")
  #define INT_ADC1SS2             INT_CONCAT(INT_ADC1SS2_, INT_DEVICE_CLASS)
inc/hw_ints.h(359): warning:  #47-D: incompatible redefinition of macro "INT_ADC1SS3"  (declared at line 95 of "inc/tm4c123gh6pm.h")
  #define INT_ADC1SS3             INT_CONCAT(INT_ADC1SS3_, INT_DEVICE_CLASS)
inc/hw_ints.h(361): warning:  #47-D: incompatible redefinition of macro "INT_CAN0"  (declared at line 85 of "inc/tm4c123gh6pm.h")
  #define INT_CAN0                INT_CONCAT(INT_CAN0_, INT_DEVICE_CLASS)
inc/hw_ints.h(362): warning:  #47-D: incompatible redefinition of macro "INT_CAN1"  (declared at line 86 of "inc/tm4c123gh6pm.h")
  #define INT_CAN1                INT_CONCAT(INT_CAN1_, INT_DEVICE_CLASS)
inc/hw_ints.h(363): warning:  #47-D: incompatible redefinition of macro "INT_COMP0"  (declared at line 73 of "inc/tm4c123gh6pm.h")
  #define INT_COMP0               INT_CONCAT(INT_COMP0_, INT_DEVICE_CLASS)
inc/hw_ints.h(364): warning:  #47-D: incompatible redefinition of macro "INT_COMP1"  (declared at line 74 of "inc/tm4c123gh6pm.h")
  #define INT_COMP1               INT_CONCAT(INT_COMP1_, INT_DEVICE_CLASS)
inc/hw_ints.h(369): warning:  #47-D: incompatible redefinition of macro "INT_FLASH"  (declared at line 76 of "inc/tm4c123gh6pm.h")
  #define INT_FLASH               INT_CONCAT(INT_FLASH_, INT_DEVICE_CLASS)
inc/hw_ints.h(370): warning:  #47-D: incompatible redefinition of macro "INT_GPIOA"  (declared at line 48 of "inc/tm4c123gh6pm.h")
  #define INT_GPIOA               INT_CONCAT(INT_GPIOA_, INT_DEVICE_CLASS)
inc/hw_ints.h(371): warning:  #47-D: incompatible redefinition of macro "INT_GPIOB"  (declared at line 49 of "inc/tm4c123gh6pm.h")
  #define INT_GPIOB               INT_CONCAT(INT_GPIOB_, INT_DEVICE_CLASS)
inc/hw_ints.h(372): warning:  #47-D: incompatible redefinition of macro "INT_GPIOC"  (declared at line 50 of "inc/tm4c123gh6pm.h")
  #define INT_GPIOC               INT_CONCAT(INT_GPIOC_, INT_DEVICE_CLASS)
inc/hw_ints.h(373): warning:  #47-D: incompatible redefinition of macro "INT_GPIOD"  (declared at line 51 of "inc/tm4c123gh6pm.h")
  #define INT_GPIOD               INT_CONCAT(INT_GPIOD_, INT_DEVICE_CLASS)
inc/hw_ints.h(374): warning:  #47-D: incompatible redefinition of macro "INT_GPIOE"  (declared at line 52 of "inc/tm4c123gh6pm.h")
  #define INT_GPIOE               INT_CONCAT(INT_GPIOE_, INT_DEVICE_CLASS)
inc/hw_ints.h(375): warning:  #47-D: incompatible redefinition of macro "INT_GPIOF"  (declared at line 78 of "inc/tm4c123gh6pm.h")
  #define INT_GPIOF               INT_CONCAT(INT_GPIOF_, INT_DEVICE_CLASS)
inc/hw_ints.h(402): warning:  #47-D: incompatible redefinition of macro "INT_HIBERNATE"  (declared at line 87 of "inc/tm4c123gh6pm.h")
  #define INT_HIBERNATE           INT_CONCAT(INT_HIBERNATE_, INT_DEVICE_CLASS)
inc/hw_ints.h(403): warning:  #47-D: incompatible redefinition of macro "INT_I2C0"  (declared at line 56 of "inc/tm4c123gh6pm.h")
  #define INT_I2C0                INT_CONCAT(INT_I2C0_, INT_DEVICE_CLASS)
inc/hw_ints.h(404): warning:  #47-D: incompatible redefinition of macro "INT_I2C1"  (declared at line 83 of "inc/tm4c123gh6pm.h")
  #define INT_I2C1                INT_CONCAT(INT_I2C1_, INT_DEVICE_CLASS)
inc/hw_ints.h(405): warning:  #47-D: incompatible redefinition of macro "INT_I2C2"  (declared at line 103 of "inc/tm4c123gh6pm.h")
  #define INT_I2C2                INT_CONCAT(INT_I2C2_, INT_DEVICE_CLASS)
inc/hw_ints.h(406): warning:  #47-D: incompatible redefinition of macro "INT_I2C3"  (declared at line 104 of "inc/tm4c123gh6pm.h")
  #define INT_I2C3                INT_CONCAT(INT_I2C3_, INT_DEVICE_CLASS)
inc/hw_ints.h(415): warning:  #47-D: incompatible redefinition of macro "INT_PWM0_0"  (declared at line 58 of "inc/tm4c123gh6pm.h")
  #define INT_PWM0_0              INT_CONCAT(INT_PWM0_0_, INT_DEVICE_CLASS)
inc/hw_ints.h(416): warning:  #47-D: incompatible redefinition of macro "INT_PWM0_1"  (declared at line 59 of "inc/tm4c123gh6pm.h")
  #define INT_PWM0_1              INT_CONCAT(INT_PWM0_1_, INT_DEVICE_CLASS)
inc/hw_ints.h(417): warning:  #47-D: incompatible redefinition of macro "INT_PWM0_2"  (declared at line 60 of "inc/tm4c123gh6pm.h")
  #define INT_PWM0_2              INT_CONCAT(INT_PWM0_2_, INT_DEVICE_CLASS)
inc/hw_ints.h(418): warning:  #47-D: incompatible redefinition of macro "INT_PWM0_3"  (declared at line 89 of "inc/tm4c123gh6pm.h")
  #define INT_PWM0_3              INT_CONCAT(INT_PWM0_3_, INT_DEVICE_CLASS)
inc/hw_ints.h(419): warning:  #47-D: incompatible redefinition of macro "INT_PWM0_FAULT"  (declared at line 57 of "inc/tm4c123gh6pm.h")
  #define INT_PWM0_FAULT          INT_CONCAT(INT_PWM0_FAULT_, INT_DEVICE_CLASS)
inc/hw_ints.h(420): warning:  #47-D: incompatible redefinition of macro "INT_PWM1_0"  (declared at line 122 of "inc/tm4c123gh6pm.h")
  #define INT_PWM1_0              INT_CONCAT(INT_PWM1_0_, INT_DEVICE_CLASS)
inc/hw_ints.h(421): warning:  #47-D: incompatible redefinition of macro "INT_PWM1_1"  (declared at line 123 of "inc/tm4c123gh6pm.h")
  #define INT_PWM1_1              INT_CONCAT(INT_PWM1_1_, INT_DEVICE_CLASS)
inc/hw_ints.h(422): warning:  #47-D: incompatible redefinition of macro "INT_PWM1_2"  (declared at line 124 of "inc/tm4c123gh6pm.h")
  #define INT_PWM1_2              INT_CONCAT(INT_PWM1_2_, INT_DEVICE_CLASS)
inc/hw_ints.h(423): warning:  #47-D: incompatible redefinition of macro "INT_PWM1_3"  (declared at line 125 of "inc/tm4c123gh6pm.h")
  #define INT_PWM1_3              INT_CONCAT(INT_PWM1_3_, INT_DEVICE_CLASS)
inc/hw_ints.h(424): warning:  #47-D: incompatible redefinition of macro "INT_PWM1_FAULT"  (declared at line 126 of "inc/tm4c123gh6pm.h")
  #define INT_PWM1_FAULT          INT_CONCAT(INT_PWM1_FAULT_, INT_DEVICE_CLASS)
inc/hw_ints.h(425): warning:  #47-D: incompatible redefinition of macro "INT_QEI0"  (declared at line 61 of "inc/tm4c123gh6pm.h")
  #define INT_QEI0                INT_CONCAT(INT_QEI0_, INT_DEVICE_CLASS)
inc/hw_ints.h(426): warning:  #47-D: incompatible redefinition of macro "INT_QEI1"  (declared at line 84 of "inc/tm4c123gh6pm.h")
  #define INT_QEI1                INT_CONCAT(INT_QEI1_, INT_DEVICE_CLASS)
inc/hw_ints.h(428): warning:  #47-D: incompatible redefinition of macro "INT_SSI0"  (declared at line 55 of "inc/tm4c123gh6pm.h")
  #define INT_SSI0                INT_CONCAT(INT_SSI0_, INT_DEVICE_CLASS)
inc/hw_ints.h(429): warning:  #47-D: incompatible redefinition of macro "INT_SSI1"  (declared at line 80 of "inc/tm4c123gh6pm.h")
  #define INT_SSI1                INT_CONCAT(INT_SSI1_, INT_DEVICE_CLASS)
inc/hw_ints.h(430): warning:  #47-D: incompatible redefinition of macro "INT_SSI2"  (declared at line 96 of "inc/tm4c123gh6pm.h")
  #define INT_SSI2                INT_CONCAT(INT_SSI2_, INT_DEVICE_CLASS)
inc/hw_ints.h(431): warning:  #47-D: incompatible redefinition of macro "INT_SSI3"  (declared at line 97 of "inc/tm4c123gh6pm.h")
  #define INT_SSI3                INT_CONCAT(INT_SSI3_, INT_DEVICE_CLASS)
inc/hw_ints.h(432): warning:  #47-D: incompatible redefinition of macro "INT_SYSCTL"  (declared at line 75 of "inc/tm4c123gh6pm.h")
  #define INT_SYSCTL              INT_CONCAT(INT_SYSCTL_, INT_DEVICE_CLASS)
inc/hw_ints.h(433): warning:  #47-D: incompatible redefinition of macro "INT_SYSEXC"  (declared at line 121 of "inc/tm4c123gh6pm.h")
  #define INT_SYSEXC              INT_CONCAT(INT_SYSEXC_, INT_DEVICE_CLASS)
inc/hw_ints.h(435): warning:  #47-D: incompatible redefinition of macro "INT_TIMER0A"  (declared at line 67 of "inc/tm4c123gh6pm.h")
  #define INT_TIMER0A             INT_CONCAT(INT_TIMER0A_, INT_DEVICE_CLASS)
inc/hw_ints.h(436): warning:  #47-D: incompatible redefinition of macro "INT_TIMER0B"  (declared at line 68 of "inc/tm4c123gh6pm.h")
  #define INT_TIMER0B             INT_CONCAT(INT_TIMER0B_, INT_DEVICE_CLASS)
inc/hw_ints.h(437): warning:  #47-D: incompatible redefinition of macro "INT_TIMER1A"  (declared at line 69 of "inc/tm4c123gh6pm.h")
  #define INT_TIMER1A             INT_CONCAT(INT_TIMER1A_, INT_DEVICE_CLASS)
inc/hw_ints.h(438): warning:  #47-D: incompatible redefinition of macro "INT_TIMER1B"  (declared at line 70 of "inc/tm4c123gh6pm.h")
  #define INT_TIMER1B             INT_CONCAT(INT_TIMER1B_, INT_DEVICE_CLASS)
inc/hw_ints.h(439): warning:  #47-D: incompatible redefinition of macro "INT_TIMER2A"  (declared at line 71 of "inc/tm4c123gh6pm.h")
  #define INT_TIMER2A             INT_CONCAT(INT_TIMER2A_, INT_DEVICE_CLASS)
inc/hw_ints.h(440): warning:  #47-D: incompatible redefinition of macro "INT_TIMER2B"  (declared at line 72 of "inc/tm4c123gh6pm.h")
  #define INT_TIMER2B             INT_CONCAT(INT_TIMER2B_, INT_DEVICE_CLASS)
inc/hw_ints.h(441): warning:  #47-D: incompatible redefinition of macro "INT_TIMER3A"  (declared at line 81 of "inc/tm4c123gh6pm.h")
  #define INT_TIMER3A             INT_CONCAT(INT_TIMER3A_, INT_DEVICE_CLASS)
inc/hw_ints.h(442): warning:  #47-D: incompatible redefinition of macro "INT_TIMER3B"  (declared at line 82 of "inc/tm4c123gh6pm.h")
  #define INT_TIMER3B             INT_CONCAT(INT_TIMER3B_, INT_DEVICE_CLASS)
inc/hw_ints.h(443): warning:  #47-D: incompatible redefinition of macro "INT_TIMER4A"  (declared at line 105 of "inc/tm4c123gh6pm.h")
  #define INT_TIMER4A             INT_CONCAT(INT_TIMER4A_, INT_DEVICE_CLASS)
inc/hw_ints.h(444): warning:  #47-D: incompatible redefinition of macro "INT_TIMER4B"  (declared at line 106 of "inc/tm4c123gh6pm.h")
  #define INT_TIMER4B             INT_CONCAT(INT_TIMER4B_, INT_DEVICE_CLASS)
inc/hw_ints.h(445): warning:  #47-D: incompatible redefinition of macro "INT_TIMER5A"  (declared at line 107 of "inc/tm4c123gh6pm.h")
  #define INT_TIMER5A             INT_CONCAT(INT_TIMER5A_, INT_DEVICE_CLASS)
inc/hw_ints.h(446): warning:  #47-D: incompatible redefinition of macro "INT_TIMER5B"  (declared at line 108 of "inc/tm4c123gh6pm.h")
  #define INT_TIMER5B             INT_CONCAT(INT_TIMER5B_, INT_DEVICE_CLASS)
inc/hw_ints.h(451): warning:  #47-D: incompatible redefinition of macro "INT_UART0"  (declared at line 53 of "inc/tm4c123gh6pm.h")
  #define INT_UART0               INT_CONCAT(INT_UART0_, INT_DEVICE_CLASS)
inc/hw_ints.h(452): warning:  #47-D: incompatible redefinition of macro "INT_UART1"  (declared at line 54 of "inc/tm4c123gh6pm.h")
  #define INT_UART1               INT_CONCAT(INT_UART1_, INT_DEVICE_CLASS)
inc/hw_ints.h(453): warning:  #47-D: incompatible redefinition of macro "INT_UART2"  (declared at line 79 of "inc/tm4c123gh6pm.h")
  #define INT_UART2               INT_CONCAT(INT_UART2_, INT_DEVICE_CLASS)
inc/hw_ints.h(454): warning:  #47-D: incompatible redefinition of macro "INT_UART3"  (declared at line 98 of "inc/tm4c123gh6pm.h")
  #define INT_UART3               INT_CONCAT(INT_UART3_, INT_DEVICE_CLASS)
inc/hw_ints.h(455): warning:  #47-D: incompatible redefinition of macro "INT_UART4"  (declared at line 99 of "inc/tm4c123gh6pm.h")
  #define INT_UART4               INT_CONCAT(INT_UART4_, INT_DEVICE_CLASS)
inc/hw_ints.h(456): warning:  #47-D: incompatible redefinition of macro "INT_UART5"  (declared at line 100 of "inc/tm4c123gh6pm.h")
  #define INT_UART5               INT_CONCAT(INT_UART5_, INT_DEVICE_CLASS)
inc/hw_ints.h(457): warning:  #47-D: incompatible redefinition of macro "INT_UART6"  (declared at line 101 of "inc/tm4c123gh6pm.h")
  #define INT_UART6               INT_CONCAT(INT_UART6_, INT_DEVICE_CLASS)
inc/hw_ints.h(458): warning:  #47-D: incompatible redefinition of macro "INT_UART7"  (declared at line 102 of "inc/tm4c123gh6pm.h")
  #define INT_UART7               INT_CONCAT(INT_UART7_, INT_DEVICE_CLASS)
inc/hw_ints.h(459): warning:  #47-D: incompatible redefinition of macro "INT_UDMA"  (declared at line 90 of "inc/tm4c123gh6pm.h")
  #define INT_UDMA                INT_CONCAT(INT_UDMA_, INT_DEVICE_CLASS)
inc/hw_ints.h(460): warning:  #47-D: incompatible redefinition of macro "INT_UDMAERR"  (declared at line 91 of "inc/tm4c123gh6pm.h")
  #define INT_UDMAERR             INT_CONCAT(INT_UDMAERR_, INT_DEVICE_CLASS)
inc/hw_ints.h(461): warning:  #47-D: incompatible redefinition of macro "INT_USB0"  (declared at line 88 of "inc/tm4c123gh6pm.h")
  #define INT_USB0                INT_CONCAT(INT_USB0_, INT_DEVICE_CLASS)
inc/hw_ints.h(462): warning:  #47-D: incompatible redefinition of macro "INT_WATCHDOG"  (declared at line 66 of "inc/tm4c123gh6pm.h")
  #define INT_WATCHDOG            INT_CONCAT(INT_WATCHDOG_, INT_DEVICE_CLASS)
inc/hw_ints.h(463): warning:  #47-D: incompatible redefinition of macro "INT_WTIMER0A"  (declared at line 109 of "inc/tm4c123gh6pm.h")
  #define INT_WTIMER0A            INT_CONCAT(INT_WTIMER0A_, INT_DEVICE_CLASS)
inc/hw_ints.h(464): warning:  #47-D: incompatible redefinition of macro "INT_WTIMER0B"  (declared at line 110 of "inc/tm4c123gh6pm.h")
  #define INT_WTIMER0B            INT_CONCAT(INT_WTIMER0B_, INT_DEVICE_CLASS)
inc/hw_ints.h(465): warning:  #47-D: incompatible redefinition of macro "INT_WTIMER1A"  (declared at line 111 of "inc/tm4c123gh6pm.h")
  #define INT_WTIMER1A            INT_CONCAT(INT_WTIMER1A_, INT_DEVICE_CLASS)
inc/hw_ints.h(466): warning:  #47-D: incompatible redefinition of macro "INT_WTIMER1B"  (declared at line 112 of "inc/tm4c123gh6pm.h")
  #define INT_WTIMER1B            INT_CONCAT(INT_WTIMER1B_, INT_DEVICE_CLASS)
inc/hw_ints.h(467): warning:  #47-D: incompatible redefinition of macro "INT_WTIMER2A"  (declared at line 113 of "inc/tm4c123gh6pm.h")
  #define INT_WTIMER2A            INT_CONCAT(INT_WTIMER2A_, INT_DEVICE_CLASS)
inc/hw_ints.h(468): warning:  #47-D: incompatible redefinition of macro "INT_WTIMER2B"  (declared at line 114 of "inc/tm4c123gh6pm.h")
  #define INT_WTIMER2B            INT_CONCAT(INT_WTIMER2B_, INT_DEVICE_CLASS)
inc/hw_ints.h(469): warning:  #47-D: incompatible redefinition of macro "INT_WTIMER3A"  (declared at line 115 of "inc/tm4c123gh6pm.h")
  #define INT_WTIMER3A            INT_CONCAT(INT_WTIMER3A_, INT_DEVICE_CLASS)
inc/hw_ints.h(470): warning:  #47-D: incompatible redefinition of macro "INT_WTIMER3B"  (declared at line 116 of "inc/tm4c123gh6pm.h")
  #define INT_WTIMER3B            INT_CONCAT(INT_WTIMER3B_, INT_DEVICE_CLASS)
inc/hw_ints.h(471): warning:  #47-D: incompatible redefinition of macro "INT_WTIMER4A"  (declared at line 117 of "inc/tm4c123gh6pm.h")
  #define INT_WTIMER4A            INT_CONCAT(INT_WTIMER4A_, INT_DEVICE_CLASS)
inc/hw_ints.h(472): warning:  #47-D: incompatible redefinition of macro "INT_WTIMER4B"  (declared at line 118 of "inc/tm4c123gh6pm.h")
  #define INT_WTIMER4B            INT_CONCAT(INT_WTIMER4B_, INT_DEVICE_CLASS)
inc/hw_ints.h(473): warning:  #47-D: incompatible redefinition of macro "INT_WTIMER5A"  (declared at line 119 of "inc/tm4c123gh6pm.h")
  #define INT_WTIMER5A            INT_CONCAT(INT_WTIMER5A_, INT_DEVICE_CLASS)
inc/hw_ints.h(474): warning:  #47-D: incompatible redefinition of macro "INT_WTIMER5B"  (declared at line 120 of "inc/tm4c123gh6pm.h")
  #define INT_WTIMER5B            INT_CONCAT(INT_WTIMER5B_, INT_DEVICE_CLASS)
project.c(110): warning:  #223-D: function "SysTickWait10ms" declared implicitly
  		SysTickWait10ms(10); // wait for 10 ms
project.c(117): warning:  #223-D: function "SysTick_Init" declared implicitly
  		SysTick_Init();
project.c(132): warning:  #111-D: statement is unreachable
  	SysCtlClockSet(SYSCTL_SYSDIV_2_5|SYSCTL_USE_PLL|SYSCTL_OSC_MAIN|SYSCTL_XTAL_16MHZ);
project.c(133): warning:  #223-D: function "SysTickbegin" declared implicitly
  	SysTickbegin();
project.c(134): warning:  #223-D: function "PWMInit" declared implicitly
  	PWMInit();
project.c(167): warning:  #223-D: function "Wait" declared implicitly
  		Wait(time); //Stops the code for 200mS
project.c(170): warning:  #223-D: function "SendData" declared implicitly
  		SendData();
project.c(177): warning:  #111-D: statement is unreachable
  			SysCtlPeripheralEnable(SYSCTL_PERIPH_GPIOF);
project.c(491): warning:  #1-D: last line of file ends without a newline
  }
project.c(209): warning:  #128-D: loop is not reachable
      while(3)
project.c(135): warning:  #550-D: variable "values"  was set but never used
  	uint8_t values[LEDNum]; //Stores the values of brightness to send
project.c(136): warning:  #177-D: variable "brilho"  was declared but never referenced
    uint32_t brilho=255;
project.c: 96 warnings, 0 errors
compiling GPIO_helper.c...
GPIO_helper.c(126): warning:  #1-D: last line of file ends without a newline
  }
GPIO_helper.c: 1 warning, 0 errors
linking...
Program Size: Code=900 RO-data=16 RW-data=0 ZI-data=256  
FromELF: creating hex file...
After Build - User command #1: fromelf --bin --output .\rvmdk\project.bin .\rvmdk\project.axf
".\rvmdk\project.axf" - 0 Error(s), 101 Warning(s).

<h2>Software Packages used:</h2>

Package Vendor: ARM
                http://www.keil.com/pack/ARM.CMSIS.5.1.1.pack
                ARM.CMSIS.5.1.1
                CMSIS (Cortex Microcontroller Software Interface Standard)
   * Component: CORE Version: 5.0.2

Package Vendor: Keil
                http://www.keil.com/pack/Keil.TM4C_DFP.1.1.0.pack
                Keil.TM4C_DFP.1.1.0
                Texas Instruments Tiva C Series Device Support and Examples

<h2>Collection of Component include folders:</h2>
  .\RTE\_project
  C:\Keil_v5\ARM\PACK\ARM\CMSIS\5.1.1\CMSIS\Include
  C:\Keil_v5\ARM\PACK\Keil\TM4C_DFP\1.1.0\Device\Include\TM4C123

<h2>Collection of Component Files used:</h2>

   * Component: ARM::CMSIS:CORE:5.0.2
Build Time Elapsed:  00:00:03
</pre>
</body>
</html>
